load Hamiltonian, L=16, seed=0; time elapsed: 0:00:00.028635
construct the two operators involved in power method, L=16, seed=0; time elapsed: 0:00:00.033403
evolve state with power method, L=16, seed=0, state_seed=0; time elapsed: 13:01:06.088616
