load Hamiltonian, L=14, seed=0; time elapsed: 0:00:00.097045
construct the two operators involved in power method, L=14, seed=0; time elapsed: 0:00:00.101576
evolve state with power method, L=14, seed=0, state_seed=0; time elapsed: 0:21:54.494243
