load Hamiltonian, L=14, seed=51, to be solved at tol_coeff 0.0001; time elapsed: 0:00:00.023027
construct the two operators involved in power method, L=14, seed=51; time elapsed: 0:00:00.027007
